
Running 6 tests using 6 workers

  x  1 tests\e2e\full-site-test.spec.ts:177:7 › Complete Site Testing - All Users › Mobile Constraints Check (10ms)
  x  2 tests\e2e\full-site-test.spec.ts:122:7 › Complete Site Testing - All Users › Technician - Full Flow Test (8ms)
  x  3 tests\e2e\full-site-test.spec.ts:100:7 › Complete Site Testing - All Users › Sales Rep - Full Flow Test (7ms)
[2m[WebServer] [22mError: EINVAL: invalid argument, readlink 'C:\Users\adam\OneDrive\CODE\ENTRETIEN PRESTIGE\.next\routes-manifest.json'
[2m[WebServer] [22m[90m    at async Object.readlink (node:internal/fs/promises:975:10)[39m
[2m[WebServer] [22m    at async [90mC:\Users\adam\OneDrive\CODE\ENTRETIEN PRESTIGE\[39mnode_modules\[4mnext[24m\dist\lib\recursive-delete.js:58:30
[2m[WebServer] [22m    at async Promise.all (index 13)
[2m[WebServer] [22m    at async recursiveDelete [90m(C:\Users\adam\OneDrive\CODE\ENTRETIEN PRESTIGE\[39mnode_modules\[4mnext[24m\dist\lib\recursive-delete.js:51:5[90m)[39m
[2m[WebServer] [22m    at async Span.traceAsyncFn [90m(C:\Users\adam\OneDrive\CODE\ENTRETIEN PRESTIGE\[39mnode_modules\[4mnext[24m\dist\trace\trace.js:154:20[90m)[39m
[2m[WebServer] [22m    at async HotReloaderWebpack.start [90m(C:\Users\adam\OneDrive\CODE\ENTRETIEN PRESTIGE\[39mnode_modules\[4mnext[24m\dist\server\dev\hot-reloader-webpack.js:612:9[90m)[39m
[2m[WebServer] [22m    at async startWatcher [90m(C:\Users\adam\OneDrive\CODE\ENTRETIEN PRESTIGE\[39mnode_modules\[4mnext[24m\dist\server\lib\router-utils\setup-dev-bundler.js:156:5[90m)[39m
[2m[WebServer] [22m    at async setupDevBundler [90m(C:\Users\adam\OneDrive\CODE\ENTRETIEN PRESTIGE\[39mnode_modules\[4mnext[24m\dist\server\lib\router-utils\setup-dev-bundler.js:775:20[90m)[39m
[2m[WebServer] [22m    at async Span.traceAsyncFn [90m(C:\Users\adam\OneDrive\CODE\ENTRETIEN PRESTIGE\[39mnode_modules\[4mnext[24m\dist\trace\trace.js:154:20[90m)[39m
[2m[WebServer] [22m    at async initialize [90m(C:\Users\adam\OneDrive\CODE\ENTRETIEN PRESTIGE\[39mnode_modules\[4mnext[24m\dist\server\lib\router-server.js:81:30[90m)[39m {
[2m[WebServer] [22m  errno: [33m-4071[39m,
[2m[WebServer] [22m  code: [32m'EINVAL'[39m,
[2m[WebServer] [22m  syscall: [32m'readlink'[39m,
[2m[WebServer] [22m  path: [32m'C:\\Users\\adam\\OneDrive\\CODE\\ENTRETIEN PRESTIGE\\.next\\routes-manifest.json'[39m
[2m[WebServer] [22m}
  x  4 tests\e2e\full-site-test.spec.ts:18:7 › Complete Site Testing - All Users › Admin - Full Flow Test (14ms)
  x  5 tests\e2e\full-site-test.spec.ts:81:7 › Complete Site Testing - All Users › Manager - Full Flow Test (9ms)
  x  6 tests\e2e\full-site-test.spec.ts:151:7 › Complete Site Testing - All Users › Check All Buttons and Links (8ms)


  1) tests\e2e\full-site-test.spec.ts:18:7 › Complete Site Testing - All Users › Admin - Full Flow Test 

    Error: browserType.launch: Executable doesn't exist at C:\Users\adam\AppData\Local\ms-playwright\chromium-1208\chrome-win64\chrome.exe
    ╔═════════════════════════════════════════════════════════════════════════╗
    ║ Looks like Playwright Test or Playwright was just installed or updated. ║
    ║ Please run the following command to download new browsers:              ║
    ║                                                                         ║
    ║     npx playwright install                                              ║
    ║                                                                         ║
    ║ <3 Playwright Team                                                      ║
    ╚═════════════════════════════════════════════════════════════════════════╝

    attachment #1: trace (application/zip) ─────────────────────────────────────────────────────────
    test-results\full-site-test-Complete-Si-f90d3-sers-Admin---Full-Flow-Test\trace.zip
    Usage:

        npx playwright show-trace test-results\full-site-test-Complete-Si-f90d3-sers-Admin---Full-Flow-Test\trace.zip

    ────────────────────────────────────────────────────────────────────────────────────────────────

  2) tests\e2e\full-site-test.spec.ts:81:7 › Complete Site Testing - All Users › Manager - Full Flow Test 

    Error: browserType.launch: Executable doesn't exist at C:\Users\adam\AppData\Local\ms-playwright\chromium-1208\chrome-win64\chrome.exe
    ╔═════════════════════════════════════════════════════════════════════════╗
    ║ Looks like Playwright Test or Playwright was just installed or updated. ║
    ║ Please run the following command to download new browsers:              ║
    ║                                                                         ║
    ║     npx playwright install                                              ║
    ║                                                                         ║
    ║ <3 Playwright Team                                                      ║
    ╚═════════════════════════════════════════════════════════════════════════╝

    attachment #1: trace (application/zip) ─────────────────────────────────────────────────────────
    test-results\full-site-test-Complete-Si-3c40f-rs-Manager---Full-Flow-Test\trace.zip
    Usage:

        npx playwright show-trace test-results\full-site-test-Complete-Si-3c40f-rs-Manager---Full-Flow-Test\trace.zip

    ────────────────────────────────────────────────────────────────────────────────────────────────

  3) tests\e2e\full-site-test.spec.ts:100:7 › Complete Site Testing - All Users › Sales Rep - Full Flow Test 

    Error: browserType.launch: Executable doesn't exist at C:\Users\adam\AppData\Local\ms-playwright\chromium-1208\chrome-win64\chrome.exe
    ╔═════════════════════════════════════════════════════════════════════════╗
    ║ Looks like Playwright Test or Playwright was just installed or updated. ║
    ║ Please run the following command to download new browsers:              ║
    ║                                                                         ║
    ║     npx playwright install                                              ║
    ║                                                                         ║
    ║ <3 Playwright Team                                                      ║
    ╚═════════════════════════════════════════════════════════════════════════╝

    attachment #1: trace (application/zip) ─────────────────────────────────────────────────────────
    test-results\full-site-test-Complete-Si-911c2--Sales-Rep---Full-Flow-Test\trace.zip
    Usage:

        npx playwright show-trace test-results\full-site-test-Complete-Si-911c2--Sales-Rep---Full-Flow-Test\trace.zip

    ────────────────────────────────────────────────────────────────────────────────────────────────

  4) tests\e2e\full-site-test.spec.ts:122:7 › Complete Site Testing - All Users › Technician - Full Flow Test 

    Error: browserType.launch: Executable doesn't exist at C:\Users\adam\AppData\Local\ms-playwright\chromium-1208\chrome-win64\chrome.exe
    ╔═════════════════════════════════════════════════════════════════════════╗
    ║ Looks like Playwright Test or Playwright was just installed or updated. ║
    ║ Please run the following command to download new browsers:              ║
    ║                                                                         ║
    ║     npx playwright install                                              ║
    ║                                                                         ║
    ║ <3 Playwright Team                                                      ║
    ╚═════════════════════════════════════════════════════════════════════════╝

    attachment #1: trace (application/zip) ─────────────────────────────────────────────────────────
    test-results\full-site-test-Complete-Si-d53d0-Technician---Full-Flow-Test\trace.zip
    Usage:

        npx playwright show-trace test-results\full-site-test-Complete-Si-d53d0-Technician---Full-Flow-Test\trace.zip

    ────────────────────────────────────────────────────────────────────────────────────────────────

  5) tests\e2e\full-site-test.spec.ts:151:7 › Complete Site Testing - All Users › Check All Buttons and Links 

    Error: browserType.launch: Executable doesn't exist at C:\Users\adam\AppData\Local\ms-playwright\chromium-1208\chrome-win64\chrome.exe
    ╔═════════════════════════════════════════════════════════════════════════╗
    ║ Looks like Playwright Test or Playwright was just installed or updated. ║
    ║ Please run the following command to download new browsers:              ║
    ║                                                                         ║
    ║     npx playwright install                                              ║
    ║                                                                         ║
    ║ <3 Playwright Team                                                      ║
    ╚═════════════════════════════════════════════════════════════════════════╝

    attachment #1: trace (application/zip) ─────────────────────────────────────────────────────────
    test-results\full-site-test-Complete-Si-f72c5-Check-All-Buttons-and-Links\trace.zip
    Usage:

        npx playwright show-trace test-results\full-site-test-Complete-Si-f72c5-Check-All-Buttons-and-Links\trace.zip

    ────────────────────────────────────────────────────────────────────────────────────────────────

  6) tests\e2e\full-site-test.spec.ts:177:7 › Complete Site Testing - All Users › Mobile Constraints Check 

    Error: browserType.launch: Executable doesn't exist at C:\Users\adam\AppData\Local\ms-playwright\chromium-1208\chrome-win64\chrome.exe
    ╔═════════════════════════════════════════════════════════════════════════╗
    ║ Looks like Playwright Test or Playwright was just installed or updated. ║
    ║ Please run the following command to download new browsers:              ║
    ║                                                                         ║
    ║     npx playwright install                                              ║
    ║                                                                         ║
    ║ <3 Playwright Team                                                      ║
    ╚═════════════════════════════════════════════════════════════════════════╝

    attachment #1: trace (application/zip) ─────────────────────────────────────────────────────────
    test-results\full-site-test-Complete-Si-f3a29-rs-Mobile-Constraints-Check\trace.zip
    Usage:

        npx playwright show-trace test-results\full-site-test-Complete-Si-f3a29-rs-Mobile-Constraints-Check\trace.zip

    ────────────────────────────────────────────────────────────────────────────────────────────────

  6 failed
    tests\e2e\full-site-test.spec.ts:18:7 › Complete Site Testing - All Users › Admin - Full Flow Test 
    tests\e2e\full-site-test.spec.ts:81:7 › Complete Site Testing - All Users › Manager - Full Flow Test 
    tests\e2e\full-site-test.spec.ts:100:7 › Complete Site Testing - All Users › Sales Rep - Full Flow Test 
    tests\e2e\full-site-test.spec.ts:122:7 › Complete Site Testing - All Users › Technician - Full Flow Test 
    tests\e2e\full-site-test.spec.ts:151:7 › Complete Site Testing - All Users › Check All Buttons and Links 
    tests\e2e\full-site-test.spec.ts:177:7 › Complete Site Testing - All Users › Mobile Constraints Check 
